[2025-02-20 19:54:43,998] 39 root - ERROR - Error in csv_to_json_converter: [Errno 2] No such file or directory: 'Network_data/phishingData.csv'
[2025-02-20 19:54:44,001] 78 root - ERROR - Execution failed: Error in CSV to JSON conversion: [Errno 2] No such file or directory: 'Network_data/phishingData.csv'
Traceback:   File "/Users/sarojrai/Desktop/Udemy_MLOps/36-ML_Final/push_data_mdb.py", line 34, in csv_to_json_converter
    data = pd.read_csv(file_path)
           ^^^^^^^^^^^^^^^^^^^^^^
  File "/Users/sarojrai/Desktop/Udemy_MLOps/36-ML_Final/netvenv/lib/python3.12/site-packages/pandas/io/parsers/readers.py", line 1026, in read_csv
    return _read(filepath_or_buffer, kwds)
           ^^^^^^^^^^^^^^^^^^^^^^^^^^^^^^^
  File "/Users/sarojrai/Desktop/Udemy_MLOps/36-ML_Final/netvenv/lib/python3.12/site-packages/pandas/io/parsers/readers.py", line 620, in _read
    parser = TextFileReader(filepath_or_buffer, **kwds)
             ^^^^^^^^^^^^^^^^^^^^^^^^^^^^^^^^^^^^^^^^^^
  File "/Users/sarojrai/Desktop/Udemy_MLOps/36-ML_Final/netvenv/lib/python3.12/site-packages/pandas/io/parsers/readers.py", line 1620, in __init__
    self._engine = self._make_engine(f, self.engine)
                   ^^^^^^^^^^^^^^^^^^^^^^^^^^^^^^^^^
  File "/Users/sarojrai/Desktop/Udemy_MLOps/36-ML_Final/netvenv/lib/python3.12/site-packages/pandas/io/parsers/readers.py", line 1880, in _make_engine
    self.handles = get_handle(
                   ^^^^^^^^^^^
  File "/Users/sarojrai/Desktop/Udemy_MLOps/36-ML_Final/netvenv/lib/python3.12/site-packages/pandas/io/common.py", line 873, in get_handle
    handle = open(
             ^^^^^

